client/contexts/FocusContext.tsx(293,38): error TS2448: Block-scoped variable 'setMusicPlaying' used before its declaration.
